 **INTERNAL DEVELOPMENT** Open Watcom Linker Version 1.5beta1 Limited Availability
Portions Copyright (c) 1985-2002 Sybase, Inc. All Rights Reserved.
Created on:       11/02/09 22:28:18
Executable Image: fprint_bits.exe
creating an OS/2 EMX executable


                        +------------+
                        |   Groups   |
                        +------------+

Group                           Address              Size
=====                           =======              ====

CGROUP                          0001:00000000        00008d80
DGROUP                          0002:00000000        00000390



                        +--------------+
                        |   Segments   |
                        +--------------+

Segment                Class          Group          Address         Size
=======                =====          =====          =======         ====

TEXT32                 CODE           CGROUP         0001:00000000   00008d80
________TEXT           CODE           CGROUP         0001:00008d80   00000000
DATA32                 DATA           DGROUP         0002:00000000   00000110
SET1__os2dll           DATA           DGROUP         0002:00000110   00000004
SET2__os2dll           DATA           DGROUP         0002:00000114   00000000
SET3__os2dll           DATA           DGROUP         0002:00000114   00000004
SET1___CTOR_LIST__     DATA           DGROUP         0002:00000118   00000004
SET2___CTOR_LIST__     DATA           DGROUP         0002:0000011c   00000000
SET3___CTOR_LIST__     DATA           DGROUP         0002:0000011c   00000004
SET1___DTOR_LIST__     DATA           DGROUP         0002:00000120   00000004
SET2___DTOR_LIST__     DATA           DGROUP         0002:00000124   00000000
SET3___DTOR_LIST__     DATA           DGROUP         0002:00000124   00000004
SET1___crtinit1__      DATA           DGROUP         0002:00000128   00000004
SET2___crtinit1__      DATA           DGROUP         0002:0000012c   00000000
SET3___crtinit1__      DATA           DGROUP         0002:0000012c   00000004
SET1___crtexit1__      DATA           DGROUP         0002:00000130   00000004
SET2___crtexit1__      DATA           DGROUP         0002:00000134   00000000
SET3___crtexit1__      DATA           DGROUP         0002:00000134   00000004
SET1___eh_frame__      DATA           DGROUP         0002:00000138   00000004
SET2___eh_frame__      DATA           DGROUP         0002:0000013c   00000008
SET3___eh_frame__      DATA           DGROUP         0002:00000144   00000004
SET1___eh_init__       DATA           DGROUP         0002:00000148   00000004
SET2___eh_init__       DATA           DGROUP         0002:0000014c   00000004
SET3___eh_init__       DATA           DGROUP         0002:00000150   00000004
SET1___eh_term__       DATA           DGROUP         0002:00000154   00000004
SET2___eh_term__       DATA           DGROUP         0002:00000158   00000004
SET3___eh_term__       DATA           DGROUP         0002:0000015c   00000004
SET1___fork_parent1__  DATA           DGROUP         0002:00000160   00000004
SET2___fork_parent1__  DATA           DGROUP         0002:00000164   00000000
SET3___fork_parent1__  DATA           DGROUP         0002:00000164   00000004
SET1___fork_child1__   DATA           DGROUP         0002:00000168   00000004
SET2___fork_child1__   DATA           DGROUP         0002:0000016c   00000000
SET3___fork_child1__   DATA           DGROUP         0002:0000016c   00000004
________DATA           DATA           DGROUP         0002:00000170   00000000
BSS32                  BSS            DGROUP         0002:00000170   00000220
c_common               BSS            DGROUP         0002:00000390   00000000
________BSS            BSS            DGROUP         0002:00000390   00000000
STACK                  STACK          AUTO           0003:00000000   00100000


                        +----------------+
                        |   Memory Map   |
                        +----------------+

* = unreferenced symbol
+ = symbol only referenced locally

Address        Symbol
=======        ======

Module: U:\usr\lib\crt0wild.obj({standard input})
0001:00000000* __text
0002:00000000* __data
0002:00000000* ___data_start
0002:00000170* ___bss_start
0002:00000110+ __os2dll
0002:00000118  ___CTOR_LIST__
0002:00000120  ___DTOR_LIST__
0002:00000128* ___crtinit1__
0002:00000130* ___crtexit1__
0002:00000138  ___eh_frame__
0002:00000148  ___eh_init__
0002:00000154  ___eh_term__
0002:00000160+ ___fork_parent1__
0002:00000168+ ___fork_child1__
Module: u:/tmp\ldconv_fprint_bits_o_21a64d5306f11474a0.obj(fprint_bits.c)
0001:00000070  _main
0001:00000070* main
Module: U:\usr\lib\libend.lib(src/libend/386/endlink386.asm)
0002:00000390  _end
0002:00000170  _edata
Module: U:\usr\lib\libend.lib(src/libend/386/end.asm)
0001:00008d80* _etext
0001:00008d80* __etext
0000:00000000  WEAK$ZERO
0002:00000390  __end
0002:00000170  __edata
Module: U:\tmp\ldconv_gcc452_a_21a64d5306f11595b0.lib(__main.obj)
0001:000001d0* ___do_global_dtors
0001:000001db* ___do_global_ctors
0001:000001f3  ___main
Module: U:\tmp\ldconv_asvtools_a_21a64d5306f1150528.lib(misc.obj)
0001:00000220* _cmp_range
0001:00000230  _clock1
0001:00000264* _sleep1
0001:00000294  _error1
0001:000002c4* _error2
0001:000002f0* _error3
0001:00000334  _warning1
0001:00000358* _warning2
0001:0000038c* _warning3
0001:000003d8* _debug_tools
0001:00000414* _snprintf1
0001:0000043c  _vsnprintf1
0001:00000448* _perm_t2b
0001:000005ec* _perm_b2t
0001:0000068c* _insert_commas
0001:00000810* _insert_commas2
0001:00000830* _insert_commas3
0001:00000d84  _insert_commas4
0001:00000dac* _insert_commas5
0001:000012e8* _insert_commas6
0001:00001310* _chunk_add
0001:0000138c* _is_unix_file_entry
0001:000013cc* _binchars
0001:0000146c* _nontextchars
0001:00001548* _print_binary
0001:000015b8  _fprint_bits
0001:00001670* _ranges_intersect
0001:000019e4* _ranges_merge
0001:00001b04* _merge_ranges
0001:00001b70* _ipow
0001:00001bb4* _valid_dataline
0001:00001bec* _read_datafile
0001:00001f3c* _read_column
0001:0000203c* _read_n_columns
0001:000021ac* _read_two_columns
0001:00002228* _read_one_column
0001:000022cc* _drop_datafile
0001:00002390* _interpolate_l
0002:00000180* _clock1_call_counter
0002:00000184* _tools_debug
Module: U:\tmp\ldconv_gcc452_a_21a64d5306f11595b0.lib(emx-ctordtor.obj)
0001:00002550  ___ctordtorInit
0001:00002582  ___ctordtorTerm
Module: U:\tmp\ldconv_asvtools_a_21a64d5306f1150528.lib(fsort.obj)
0001:000025e0* _cmp_str
0001:000025fc* _cmp_strlen
0001:0000264c* _cmp_integers
0001:0000265c  _cmp_doubles
0001:00002694* _cmp_absintegers
0001:000026c4* _cmp_unsigned_integers
0001:00002754* _fsort_old
0001:00002bac* _fsort
0001:00003060* _funiq
0001:00003194* _merge
0001:000035ec* _uniq
0001:00003674* _uniq2
0001:00003834* _psort
0001:000039a4* _pusort
0001:00003b2c  _bracket
0001:00003cc8* _linebuf_init
0001:00003d78* _linebuf_nextline
0001:00003ef0* _linebuf_close
0001:00004158* _sortfile
0001:00004ea0* _heap_siftup
0001:00004f00* _heap_siftdown
0001:00004fb8* _accumulate
0001:00005078* _psort1
Module: U:\tmp\ldconv_asvtools_a_21a64d5306f1150528.lib(str_base.obj)
0001:00005150* _str_headcmp
0001:000051ac  _stricmp1
0001:00005234* _strnicmp1
0001:000052ec  _str_tailcmp
0001:00005354  _str_tailcmpi
0001:000053b0  _str_lastspn
0001:00005404* _str_stristr
0001:000054d4* _str_imatch
0001:0000551c* _str_index1
0001:0000557c* _str_copy
0001:000055ac  _str_delete
0001:000055f0* _str_insert
0001:0000563c* _str_compress_spaces
0001:000056ac* _str_replace
0001:00005808* _remove_dots
0001:00005878* _remove_whitespace
0001:00005968* _str_sep1
0001:000059bc* _str_copy_worker
0001:000059ec  _str_reduce
0001:00005a90* _str_cats
0001:00005b1c* _str_strdup1
0001:00005b5c  _str_strip
0001:00005bac* _str_strip2
0001:00005c58  _str_numchars
0001:00005c7c* _str_numstr
0001:00005cc0  _str_translate
0001:00005cfc* _str_sanify
0001:00005e88* _str_join
0001:00005ee4* _str_append
0001:00005f70* _str_mjoin
0001:00006024* _str_msjoin
0001:000060fc* _str_sjoin
0001:00006158* _str_refine_buffer
0001:000061ac* _str_pathdcmp
0001:00006288* _str_lower
0001:000062a8* _tolower1
0001:000062b8* _sanify_pathname
0001:00006434* _strtoq1
0001:00006758  _str_parseline
0001:00006828* _str_casestr
0001:00006834* _str_cutoff
0001:0000689c  _str_words
0001:00006ca0* _str_split
Module: U:\tmp\ldconv_asvtools_a_21a64d5306f1150528.lib(xfunc.obj)
0001:00006e3c  _xcreate
0001:00006ec8  _xopen
0001:00006f60* _xfopen
0001:00007008* _xfclose
0001:00007078* _xfwrite
0001:000070ec* _xfread
0001:00007164  _xwrite
0001:000071b0* _xwrite_str
0001:0000721c* _xwrite_str_array
0001:00007284  _xread
0001:000072f8  _xmalloc
0001:00007330* _xread_str
0001:00007384* _xread_str_array
0001:000073e8* _xfree
0001:0000741c  _xrealloc
0001:000074a4* _xstrdup
0001:000074dc* _xnstrdup
0001:0000751c  _xunlink
0001:00007580* _yunlink
0001:000075d4* _xlseek
0001:00007644* _xmmap
0001:0000765c* _xmunmap
0001:00007664* _chunk_new
0001:000076f4* _chunk_alloc
0001:000077e8* _chunk_put
0001:00007844* _chunk_free
0001:00007884* _membuf_create
0001:000079ac* _membuf_close
0001:00007a38* _membuf_put
0001:00007ba8* _membuf_write
0001:00007c4c* _membuf_printf
0001:00007d14* _membuf_accumulate
Module: U:\tmp\ldconv_gcc452_a_21a64d5306f11595b0.lib(emx-eh.obj)
0001:00007e00  ___ehInit
0001:00007e35* ___ehTerm
Module: U:\tmp\ldconv_asvtools_a_21a64d5306f1150528.lib(file_ops.obj)
0001:00007e70* _make_subtree
0001:00007f54* _load_stdin
0001:00008030* _text2lines
0001:000080cc* _flongprint
0001:000081b0* _longprint
0001:00008280* _print_file
0001:000082ec  _file_length
0001:00008364* _load_file
0001:00008418* _load_textfile
0001:00008478* _is_textfile
0001:0000858c* _dump_file
0001:000085ec* _copy_file
0001:00008694* _isindexfile
0001:00008774* _openlock
0001:0000881c  _copy_bytes
0001:00008958* _f_length
Module: U:\tmp\ldconv_asvtools_a_21a64d5306f1150528.lib(str_shorten.obj)
0001:000089a0* _str_isvowel
0001:00008a0c  _str_try_shorten
0001:00008b08* _str_fatsafe
0001:00008b38* _str_shorten


                        +----------------------+
                        |   Imported Symbols   |
                        +----------------------+

Symbol                              Module
======                              ======

___libc_ForkRegisterModule          libc063
___init_app                         libc063
__wildcard                          libc063
__CRT_init                          libc063
__atfork_callback                   libc063
___stdoutp                          libc063
__std_exit                          libc063
__std_printf                        libc063
___stderrp                          libc063
___udivdi3                          gcc452
___umoddi3                          gcc452
___libc_GLocaleCtype                libc063
__alloca                            gcc452
__std_puts                          libc063
__std_putchar                       libc063
___ctordtorInit1                    libc063
___ctordtorTerm1                    libc063
__std_atexit                        libc063
__std_gettimeofday                  libc063
__std_vfprintf                      libc063
__std_fflush                        libc063
__std_vsnprintf                     libc063
__std_malloc                        libc063
__std_strcpy                        libc063
__std_fputc                         libc063
__std_fprintf                       libc063
__errno                             libc063
__std_realloc                       libc063
__std_free                          libc063
__std_qsort                         libc063
__std_strspn                        libc063
__std_strcmp                        libc063
__std_fopen                         libc063
__std_fgets                         libc063
_strcasestr                         libc063
__std_rewind                        libc063
__std_atof                          libc063
__std_fclose                        libc063
__std_strdup                        libc063
__std_atoi                          libc063
__std_strchr                        libc063
___register_frame_table             gcc452
___deregister_frame                 gcc452
__std_getpid                        libc063
__std_close                         libc063
__std_read                          libc063
__std_memmove                       libc063
__std_fread                         libc063
__std_fseeko                        libc063
__std_snprintf                      libc063
__std_fwrite                        libc063
__std_strerror                      libc063
__std_rename                        libc063
__std_fileno                        libc063
___stdinp                           libc063
__std_strstr                        libc063
__std_strncpy                       libc063
__std_strcat                        libc063
__std_strrchr                       libc063
__std_open                          libc063
__std_write                         libc063
__std_unlink                        libc063
__std_lseek                         libc063
__std_access                        libc063
__std_mkdir                         libc063
__std_fputs                         libc063
__std_flock                         libc063
__std_stat                          libc063


                        +--------------------+
                        |   Libraries Used   |
                        +--------------------+

U:\tmp\ldconv_asvtools_a_21a64d5306f1150528.lib
U:\tmp\ldconv_gcc452_a_21a64d5306f11595b0.lib
U:\usr\lib\libc_alias.lib
U:\usr\local452\lib\libc_dll.lib
U:\usr\lib\libend.lib


                        +-----------------------+
                        |   Linker Statistics   |
                        +-----------------------+

Stack size:  00100000 (1048576.)
Memory size:  00109110 (1085712.)
Entry point address: 0001:00000000
Link time: 00:00.31
