 **INTERNAL DEVELOPMENT** Open Watcom Linker Version 1.5beta1 Limited Availability
Portions Copyright (c) 1985-2002 Sybase, Inc. All Rights Reserved.
Created on:       11/02/09 22:28:06
Executable Image: fsort.exe
creating an OS/2 EMX executable


                        +------------+
                        |   Groups   |
                        +------------+

Group                           Address              Size
=====                           =======              ====

CGROUP                          0001:00000000        00009010
DGROUP                          0002:00000000        00000390



                        +--------------+
                        |   Segments   |
                        +--------------+

Segment                Class          Group          Address         Size
=======                =====          =====          =======         ====

TEXT32                 CODE           CGROUP         0001:00000000   00009010
________TEXT           CODE           CGROUP         0001:00009010   00000000
DATA32                 DATA           DGROUP         0002:00000000   00000110
SET1__os2dll           DATA           DGROUP         0002:00000110   00000004
SET2__os2dll           DATA           DGROUP         0002:00000114   00000000
SET3__os2dll           DATA           DGROUP         0002:00000114   00000004
SET1___CTOR_LIST__     DATA           DGROUP         0002:00000118   00000004
SET2___CTOR_LIST__     DATA           DGROUP         0002:0000011c   00000000
SET3___CTOR_LIST__     DATA           DGROUP         0002:0000011c   00000004
SET1___DTOR_LIST__     DATA           DGROUP         0002:00000120   00000004
SET2___DTOR_LIST__     DATA           DGROUP         0002:00000124   00000000
SET3___DTOR_LIST__     DATA           DGROUP         0002:00000124   00000004
SET1___crtinit1__      DATA           DGROUP         0002:00000128   00000004
SET2___crtinit1__      DATA           DGROUP         0002:0000012c   00000000
SET3___crtinit1__      DATA           DGROUP         0002:0000012c   00000004
SET1___crtexit1__      DATA           DGROUP         0002:00000130   00000004
SET2___crtexit1__      DATA           DGROUP         0002:00000134   00000000
SET3___crtexit1__      DATA           DGROUP         0002:00000134   00000004
SET1___eh_frame__      DATA           DGROUP         0002:00000138   00000004
SET2___eh_frame__      DATA           DGROUP         0002:0000013c   00000008
SET3___eh_frame__      DATA           DGROUP         0002:00000144   00000004
SET1___eh_init__       DATA           DGROUP         0002:00000148   00000004
SET2___eh_init__       DATA           DGROUP         0002:0000014c   00000004
SET3___eh_init__       DATA           DGROUP         0002:00000150   00000004
SET1___eh_term__       DATA           DGROUP         0002:00000154   00000004
SET2___eh_term__       DATA           DGROUP         0002:00000158   00000004
SET3___eh_term__       DATA           DGROUP         0002:0000015c   00000004
SET1___fork_parent1__  DATA           DGROUP         0002:00000160   00000004
SET2___fork_parent1__  DATA           DGROUP         0002:00000164   00000000
SET3___fork_parent1__  DATA           DGROUP         0002:00000164   00000004
SET1___fork_child1__   DATA           DGROUP         0002:00000168   00000004
SET2___fork_child1__   DATA           DGROUP         0002:0000016c   00000000
SET3___fork_child1__   DATA           DGROUP         0002:0000016c   00000004
________DATA           DATA           DGROUP         0002:00000170   00000000
BSS32                  BSS            DGROUP         0002:00000170   00000220
c_common               BSS            DGROUP         0002:00000390   00000000
________BSS            BSS            DGROUP         0002:00000390   00000000
STACK                  STACK          AUTO           0003:00000000   00100000


                        +----------------+
                        |   Memory Map   |
                        +----------------+

* = unreferenced symbol
+ = symbol only referenced locally

Address        Symbol
=======        ======

Module: U:\usr\lib\crt0wild.obj({standard input})
0001:00000000* __text
0002:00000000* __data
0002:00000000* ___data_start
0002:00000170* ___bss_start
0002:00000110+ __os2dll
0002:00000118  ___CTOR_LIST__
0002:00000120  ___DTOR_LIST__
0002:00000128* ___crtinit1__
0002:00000130* ___crtexit1__
0002:00000138  ___eh_frame__
0002:00000148  ___eh_init__
0002:00000154  ___eh_term__
0002:00000160+ ___fork_parent1__
0002:00000168+ ___fork_child1__
Module: u:/tmp\ldconv_fsort_o_1ee24d5306e6124608.obj(fsort.c)
0001:000001c4  _main
0001:000001c4* main
Module: U:\usr\lib\libend.lib(src/libend/386/endlink386.asm)
0002:00000390  _end
0002:00000170  _edata
Module: U:\usr\lib\libend.lib(src/libend/386/end.asm)
0001:00009010* _etext
0001:00009010* __etext
0000:00000000  WEAK$ZERO
0002:00000390  __end
0002:00000170  __edata
Module: U:\tmp\ldconv_gcc452_a_1ee24d5306e613ad68.lib(__main.obj)
0001:00000460* ___do_global_dtors
0001:0000046b* ___do_global_ctors
0001:00000483  ___main
Module: U:\tmp\ldconv_asvtools_a_1ee24d5306e612c6f0.lib(misc.obj)
0001:000004b0* _cmp_range
0001:000004c0  _clock1
0001:000004f4* _sleep1
0001:00000524  _error1
0001:00000554* _error2
0001:00000580* _error3
0001:000005c4  _warning1
0001:000005e8* _warning2
0001:0000061c* _warning3
0001:00000668* _debug_tools
0001:000006a4* _snprintf1
0001:000006cc  _vsnprintf1
0001:000006d8* _perm_t2b
0001:0000087c* _perm_b2t
0001:0000091c* _insert_commas
0001:00000aa0* _insert_commas2
0001:00000ac0* _insert_commas3
0001:00001014  _insert_commas4
0001:0000103c* _insert_commas5
0001:00001578* _insert_commas6
0001:000015a0* _chunk_add
0001:0000161c* _is_unix_file_entry
0001:0000165c* _binchars
0001:000016fc* _nontextchars
0001:000017d8* _print_binary
0001:00001848* _fprint_bits
0001:00001900* _ranges_intersect
0001:00001c74* _ranges_merge
0001:00001d94* _merge_ranges
0001:00001e00* _ipow
0001:00001e44* _valid_dataline
0001:00001e7c* _read_datafile
0001:000021cc* _read_column
0001:000022cc* _read_n_columns
0001:0000243c* _read_two_columns
0001:000024b8* _read_one_column
0001:0000255c* _drop_datafile
0001:00002620* _interpolate_l
0002:00000180* _clock1_call_counter
0002:00000184* _tools_debug
Module: U:\tmp\ldconv_asvtools_a_1ee24d5306e612c6f0.lib(xfunc.obj)
0001:000027fc  _xcreate
0001:00002888  _xopen
0001:00002920* _xfopen
0001:000029c8* _xfclose
0001:00002a38* _xfwrite
0001:00002aac* _xfread
0001:00002b24  _xwrite
0001:00002b70* _xwrite_str
0001:00002bdc* _xwrite_str_array
0001:00002c44  _xread
0001:00002cb8  _xmalloc
0001:00002cf0* _xread_str
0001:00002d44* _xread_str_array
0001:00002da8* _xfree
0001:00002ddc  _xrealloc
0001:00002e64* _xstrdup
0001:00002e9c* _xnstrdup
0001:00002edc  _xunlink
0001:00002f40* _yunlink
0001:00002f94* _xlseek
0001:00003004* _xmmap
0001:0000301c* _xmunmap
0001:00003024* _chunk_new
0001:000030b4* _chunk_alloc
0001:000031a8* _chunk_put
0001:00003204* _chunk_free
0001:00003244* _membuf_create
0001:0000336c* _membuf_close
0001:000033f8* _membuf_put
0001:00003568* _membuf_write
0001:0000360c* _membuf_printf
0001:000036d4* _membuf_accumulate
Module: U:\tmp\ldconv_asvtools_a_1ee24d5306e612c6f0.lib(fsort.obj)
0001:000037e0* _cmp_str
0001:000037fc* _cmp_strlen
0001:0000384c* _cmp_integers
0001:0000385c  _cmp_doubles
0001:00003894* _cmp_absintegers
0001:000038c4* _cmp_unsigned_integers
0001:00003954* _fsort_old
0001:00003dac  _fsort
0001:00004260  _funiq
0001:00004394* _merge
0001:000047ec* _uniq
0001:00004874* _uniq2
0001:00004a34* _psort
0001:00004ba4* _pusort
0001:00004d2c  _bracket
0001:00004ec8* _linebuf_init
0001:00004f78* _linebuf_nextline
0001:000050f0* _linebuf_close
0001:00005358* _sortfile
0001:000060a0* _heap_siftup
0001:00006100* _heap_siftdown
0001:000061b8* _accumulate
0001:00006278* _psort1
Module: U:\tmp\ldconv_asvtools_a_1ee24d5306e612c6f0.lib(file_ops.obj)
0001:00006350* _make_subtree
0001:00006434* _load_stdin
0001:00006510* _text2lines
0001:000065ac* _flongprint
0001:00006690* _longprint
0001:00006760* _print_file
0001:000067cc  _file_length
0001:00006844  _load_file
0001:000068f8* _load_textfile
0001:00006958* _is_textfile
0001:00006a6c* _dump_file
0001:00006acc* _copy_file
0001:00006b74* _isindexfile
0001:00006c54* _openlock
0001:00006cfc  _copy_bytes
0001:00006e38* _f_length
Module: U:\tmp\ldconv_gcc452_a_1ee24d5306e613ad68.lib(emx-ctordtor.obj)
0001:00006e70  ___ctordtorInit
0001:00006ea2  ___ctordtorTerm
Module: U:\tmp\ldconv_asvtools_a_1ee24d5306e612c6f0.lib(str_base.obj)
0001:00006ee0* _str_headcmp
0001:00006f3c  _stricmp1
0001:00006fc4* _strnicmp1
0001:0000707c  _str_tailcmp
0001:000070e4  _str_tailcmpi
0001:00007140  _str_lastspn
0001:00007194* _str_stristr
0001:00007264* _str_imatch
0001:000072ac* _str_index1
0001:0000730c* _str_copy
0001:0000733c  _str_delete
0001:00007380* _str_insert
0001:000073cc* _str_compress_spaces
0001:0000743c* _str_replace
0001:00007598* _remove_dots
0001:00007608* _remove_whitespace
0001:000076f8* _str_sep1
0001:0000774c* _str_copy_worker
0001:0000777c  _str_reduce
0001:00007820* _str_cats
0001:000078ac* _str_strdup1
0001:000078ec  _str_strip
0001:0000793c* _str_strip2
0001:000079e8  _str_numchars
0001:00007a0c* _str_numstr
0001:00007a50  _str_translate
0001:00007a8c* _str_sanify
0001:00007c18* _str_join
0001:00007c74* _str_append
0001:00007d00* _str_mjoin
0001:00007db4* _str_msjoin
0001:00007e8c* _str_sjoin
0001:00007ee8* _str_refine_buffer
0001:00007f3c* _str_pathdcmp
0001:00008018* _str_lower
0001:00008038* _tolower1
0001:00008048* _sanify_pathname
0001:000081c4* _strtoq1
0001:000084e8  _str_parseline
0001:000085b8* _str_casestr
0001:000085c4* _str_cutoff
0001:0000862c  _str_words
0001:00008a30* _str_split
Module: U:\tmp\ldconv_gcc452_a_1ee24d5306e613ad68.lib(emx-eh.obj)
0001:00008bb0  ___ehInit
0001:00008be5* ___ehTerm
Module: U:\tmp\ldconv_asvtools_a_1ee24d5306e612c6f0.lib(str_shorten.obj)
0001:00008c30* _str_isvowel
0001:00008c9c  _str_try_shorten
0001:00008d98* _str_fatsafe
0001:00008dc8* _str_shorten


                        +----------------------+
                        |   Imported Symbols   |
                        +----------------------+

Symbol                              Module
======                              ======

___libc_ForkRegisterModule          libc063
___init_app                         libc063
__wildcard                          libc063
__CRT_init                          libc063
__atfork_callback                   libc063
__std_exit                          libc063
___stderrp                          libc063
___udivdi3                          gcc452
___umoddi3                          gcc452
___libc_GLocaleCtype                libc063
___stdoutp                          libc063
__alloca                            gcc452
__std_atoi                          libc063
__errno                             libc063
__std_random                        libc063
__std_close                         libc063
__std_qsort                         libc063
__std_puts                          libc063
___stdinp                           libc063
___ctordtorInit1                    libc063
___ctordtorTerm1                    libc063
__std_atexit                        libc063
__std_gettimeofday                  libc063
__std_vfprintf                      libc063
__std_fflush                        libc063
__std_vsnprintf                     libc063
__std_malloc                        libc063
__std_strcpy                        libc063
__std_fputc                         libc063
__std_printf                        libc063
__std_fprintf                       libc063
__std_realloc                       libc063
__std_free                          libc063
__std_strspn                        libc063
__std_strcmp                        libc063
__std_fopen                         libc063
__std_fgets                         libc063
_strcasestr                         libc063
__std_rewind                        libc063
__std_atof                          libc063
__std_fclose                        libc063
__std_strdup                        libc063
__std_strchr                        libc063
__std_open                          libc063
__std_strerror                      libc063
__std_fwrite                        libc063
__std_fread                         libc063
__std_write                         libc063
__std_read                          libc063
__std_unlink                        libc063
__std_lseek                         libc063
__std_getpid                        libc063
__std_memmove                       libc063
__std_fseeko                        libc063
__std_snprintf                      libc063
__std_rename                        libc063
__std_fileno                        libc063
__std_access                        libc063
__std_mkdir                         libc063
__std_fputs                         libc063
__std_flock                         libc063
__std_stat                          libc063
___register_frame_table             gcc452
___deregister_frame                 gcc452
__std_strstr                        libc063
__std_strncpy                       libc063
__std_strcat                        libc063
__std_strrchr                       libc063


                        +--------------------+
                        |   Libraries Used   |
                        +--------------------+

U:\tmp\ldconv_asvtools_a_1ee24d5306e612c6f0.lib
U:\tmp\ldconv_gcc452_a_1ee24d5306e613ad68.lib
U:\usr\lib\libc_alias.lib
U:\usr\local452\lib\libc_dll.lib
U:\usr\lib\libend.lib


                        +-----------------------+
                        |   Linker Statistics   |
                        +-----------------------+

Stack size:  00100000 (1048576.)
Memory size:  001093a0 (1086368.)
Entry point address: 0001:00000000
Link time: 00:00.31
