 **INTERNAL DEVELOPMENT** Open Watcom Linker Version 1.5beta1 Limited Availability
Portions Copyright (c) 1985-2002 Sybase, Inc. All Rights Reserved.
Created on:       11/02/09 22:28:05
Executable Image: longprint.exe
creating an OS/2 EMX executable


                        +------------+
                        |   Groups   |
                        +------------+

Group                           Address              Size
=====                           =======              ====

CGROUP                          0001:00000000        00008c60
DGROUP                          0002:00000000        00000390



                        +--------------+
                        |   Segments   |
                        +--------------+

Segment                Class          Group          Address         Size
=======                =====          =====          =======         ====

TEXT32                 CODE           CGROUP         0001:00000000   00008c60
________TEXT           CODE           CGROUP         0001:00008c60   00000000
DATA32                 DATA           DGROUP         0002:00000000   00000110
SET1__os2dll           DATA           DGROUP         0002:00000110   00000004
SET2__os2dll           DATA           DGROUP         0002:00000114   00000000
SET3__os2dll           DATA           DGROUP         0002:00000114   00000004
SET1___CTOR_LIST__     DATA           DGROUP         0002:00000118   00000004
SET2___CTOR_LIST__     DATA           DGROUP         0002:0000011c   00000000
SET3___CTOR_LIST__     DATA           DGROUP         0002:0000011c   00000004
SET1___DTOR_LIST__     DATA           DGROUP         0002:00000120   00000004
SET2___DTOR_LIST__     DATA           DGROUP         0002:00000124   00000000
SET3___DTOR_LIST__     DATA           DGROUP         0002:00000124   00000004
SET1___crtinit1__      DATA           DGROUP         0002:00000128   00000004
SET2___crtinit1__      DATA           DGROUP         0002:0000012c   00000000
SET3___crtinit1__      DATA           DGROUP         0002:0000012c   00000004
SET1___crtexit1__      DATA           DGROUP         0002:00000130   00000004
SET2___crtexit1__      DATA           DGROUP         0002:00000134   00000000
SET3___crtexit1__      DATA           DGROUP         0002:00000134   00000004
SET1___eh_frame__      DATA           DGROUP         0002:00000138   00000004
SET2___eh_frame__      DATA           DGROUP         0002:0000013c   00000008
SET3___eh_frame__      DATA           DGROUP         0002:00000144   00000004
SET1___eh_init__       DATA           DGROUP         0002:00000148   00000004
SET2___eh_init__       DATA           DGROUP         0002:0000014c   00000004
SET3___eh_init__       DATA           DGROUP         0002:00000150   00000004
SET1___eh_term__       DATA           DGROUP         0002:00000154   00000004
SET2___eh_term__       DATA           DGROUP         0002:00000158   00000004
SET3___eh_term__       DATA           DGROUP         0002:0000015c   00000004
SET1___fork_parent1__  DATA           DGROUP         0002:00000160   00000004
SET2___fork_parent1__  DATA           DGROUP         0002:00000164   00000000
SET3___fork_parent1__  DATA           DGROUP         0002:00000164   00000004
SET1___fork_child1__   DATA           DGROUP         0002:00000168   00000004
SET2___fork_child1__   DATA           DGROUP         0002:0000016c   00000000
SET3___fork_child1__   DATA           DGROUP         0002:0000016c   00000004
________DATA           DATA           DGROUP         0002:00000170   00000000
BSS32                  BSS            DGROUP         0002:00000170   00000220
c_common               BSS            DGROUP         0002:00000390   00000000
________BSS            BSS            DGROUP         0002:00000390   00000000
STACK                  STACK          AUTO           0003:00000000   00100000


                        +----------------+
                        |   Memory Map   |
                        +----------------+

* = unreferenced symbol
+ = symbol only referenced locally

Address        Symbol
=======        ======

Module: U:\usr\lib\crt0wild.obj({standard input})
0001:00000000* __text
0002:00000000* __data
0002:00000000* ___data_start
0002:00000170* ___bss_start
0002:00000110+ __os2dll
0002:00000118  ___CTOR_LIST__
0002:00000120  ___DTOR_LIST__
0002:00000128* ___crtinit1__
0002:00000130* ___crtexit1__
0002:00000138  ___eh_frame__
0002:00000148  ___eh_init__
0002:00000154  ___eh_term__
0002:00000160+ ___fork_parent1__
0002:00000168+ ___fork_child1__
Module: u:/tmp\ldconv_longprint_o_1e6c4d5306e41660d0.obj(longprint.c)
0001:00000060  _main
0001:00000060* main
Module: U:\usr\lib\libend.lib(src/libend/386/endlink386.asm)
0002:00000390  _end
0002:00000170  _edata
Module: U:\usr\lib\libend.lib(src/libend/386/end.asm)
0001:00008c60* _etext
0001:00008c60* __etext
0000:00000000  WEAK$ZERO
0002:00000390  __end
0002:00000170  __edata
Module: U:\tmp\ldconv_gcc452_a_1e6c4d5306e41756e8.lib(__main.obj)
0001:000000b0* ___do_global_dtors
0001:000000bb* ___do_global_ctors
0001:000000d3  ___main
Module: U:\tmp\ldconv_asvtools_a_1e6c4d5306e416c660.lib(misc.obj)
0001:00000100* _cmp_range
0001:00000110  _clock1
0001:00000144* _sleep1
0001:00000174  _error1
0001:000001a4* _error2
0001:000001d0* _error3
0001:00000214  _warning1
0001:00000238* _warning2
0001:0000026c* _warning3
0001:000002b8* _debug_tools
0001:000002f4* _snprintf1
0001:0000031c  _vsnprintf1
0001:00000328* _perm_t2b
0001:000004cc* _perm_b2t
0001:0000056c* _insert_commas
0001:000006f0* _insert_commas2
0001:00000710* _insert_commas3
0001:00000c64  _insert_commas4
0001:00000c8c* _insert_commas5
0001:000011c8* _insert_commas6
0001:000011f0* _chunk_add
0001:0000126c* _is_unix_file_entry
0001:000012ac* _binchars
0001:0000134c* _nontextchars
0001:00001428* _print_binary
0001:00001498* _fprint_bits
0001:00001550* _ranges_intersect
0001:000018c4* _ranges_merge
0001:000019e4* _merge_ranges
0001:00001a50* _ipow
0001:00001a94* _valid_dataline
0001:00001acc* _read_datafile
0001:00001e1c* _read_column
0001:00001f1c* _read_n_columns
0001:0000208c* _read_two_columns
0001:00002108* _read_one_column
0001:000021ac* _drop_datafile
0001:00002270* _interpolate_l
0002:00000180* _clock1_call_counter
0002:00000184* _tools_debug
Module: U:\tmp\ldconv_asvtools_a_1e6c4d5306e416c660.lib(file_ops.obj)
0001:00002430* _make_subtree
0001:00002514* _load_stdin
0001:000025f0* _text2lines
0001:0000268c  _flongprint
0001:00002770* _longprint
0001:00002840* _print_file
0001:000028ac  _file_length
0001:00002924* _load_file
0001:000029d8* _load_textfile
0001:00002a38* _is_textfile
0001:00002b4c* _dump_file
0001:00002bac* _copy_file
0001:00002c54* _isindexfile
0001:00002d34* _openlock
0001:00002ddc  _copy_bytes
0001:00002f18* _f_length
Module: U:\tmp\ldconv_gcc452_a_1e6c4d5306e41756e8.lib(emx-ctordtor.obj)
0001:00002f50  ___ctordtorInit
0001:00002f82  ___ctordtorTerm
Module: U:\tmp\ldconv_asvtools_a_1e6c4d5306e416c660.lib(fsort.obj)
0001:00002fe0* _cmp_str
0001:00002ffc* _cmp_strlen
0001:0000304c* _cmp_integers
0001:0000305c  _cmp_doubles
0001:00003094* _cmp_absintegers
0001:000030c4* _cmp_unsigned_integers
0001:00003154* _fsort_old
0001:000035ac* _fsort
0001:00003a60* _funiq
0001:00003b94* _merge
0001:00003fec* _uniq
0001:00004074* _uniq2
0001:00004234* _psort
0001:000043a4* _pusort
0001:0000452c  _bracket
0001:000046c8* _linebuf_init
0001:00004778* _linebuf_nextline
0001:000048f0* _linebuf_close
0001:00004b58* _sortfile
0001:000058a0* _heap_siftup
0001:00005900* _heap_siftdown
0001:000059b8* _accumulate
0001:00005a78* _psort1
Module: U:\tmp\ldconv_asvtools_a_1e6c4d5306e416c660.lib(str_base.obj)
0001:00005b50* _str_headcmp
0001:00005bac  _stricmp1
0001:00005c34* _strnicmp1
0001:00005cec  _str_tailcmp
0001:00005d54  _str_tailcmpi
0001:00005db0  _str_lastspn
0001:00005e04* _str_stristr
0001:00005ed4* _str_imatch
0001:00005f1c* _str_index1
0001:00005f7c* _str_copy
0001:00005fac  _str_delete
0001:00005ff0* _str_insert
0001:0000603c* _str_compress_spaces
0001:000060ac* _str_replace
0001:00006208* _remove_dots
0001:00006278* _remove_whitespace
0001:00006368* _str_sep1
0001:000063bc* _str_copy_worker
0001:000063ec  _str_reduce
0001:00006490* _str_cats
0001:0000651c* _str_strdup1
0001:0000655c  _str_strip
0001:000065ac* _str_strip2
0001:00006658  _str_numchars
0001:0000667c* _str_numstr
0001:000066c0  _str_translate
0001:000066fc* _str_sanify
0001:00006888* _str_join
0001:000068e4* _str_append
0001:00006970* _str_mjoin
0001:00006a24* _str_msjoin
0001:00006afc* _str_sjoin
0001:00006b58* _str_refine_buffer
0001:00006bac* _str_pathdcmp
0001:00006c88* _str_lower
0001:00006ca8* _tolower1
0001:00006cb8* _sanify_pathname
0001:00006e34* _strtoq1
0001:00007158  _str_parseline
0001:00007228* _str_casestr
0001:00007234* _str_cutoff
0001:0000729c  _str_words
0001:000076a0* _str_split
Module: U:\tmp\ldconv_asvtools_a_1e6c4d5306e416c660.lib(xfunc.obj)
0001:0000783c  _xcreate
0001:000078c8  _xopen
0001:00007960* _xfopen
0001:00007a08* _xfclose
0001:00007a78* _xfwrite
0001:00007aec* _xfread
0001:00007b64  _xwrite
0001:00007bb0* _xwrite_str
0001:00007c1c* _xwrite_str_array
0001:00007c84  _xread
0001:00007cf8  _xmalloc
0001:00007d30* _xread_str
0001:00007d84* _xread_str_array
0001:00007de8* _xfree
0001:00007e1c  _xrealloc
0001:00007ea4* _xstrdup
0001:00007edc* _xnstrdup
0001:00007f1c  _xunlink
0001:00007f80* _yunlink
0001:00007fd4* _xlseek
0001:00008044* _xmmap
0001:0000805c* _xmunmap
0001:00008064* _chunk_new
0001:000080f4* _chunk_alloc
0001:000081e8* _chunk_put
0001:00008244* _chunk_free
0001:00008284* _membuf_create
0001:000083ac* _membuf_close
0001:00008438* _membuf_put
0001:000085a8* _membuf_write
0001:0000864c* _membuf_printf
0001:00008714* _membuf_accumulate
Module: U:\tmp\ldconv_gcc452_a_1e6c4d5306e41756e8.lib(emx-eh.obj)
0001:00008800  ___ehInit
0001:00008835* ___ehTerm
Module: U:\tmp\ldconv_asvtools_a_1e6c4d5306e416c660.lib(str_shorten.obj)
0001:00008880* _str_isvowel
0001:000088ec  _str_try_shorten
0001:000089e8* _str_fatsafe
0001:00008a18* _str_shorten


                        +----------------------+
                        |   Imported Symbols   |
                        +----------------------+

Symbol                              Module
======                              ======

___libc_ForkRegisterModule          libc063
___init_app                         libc063
__wildcard                          libc063
__CRT_init                          libc063
__atfork_callback                   libc063
___stdoutp                          libc063
__std_exit                          libc063
___stderrp                          libc063
___udivdi3                          gcc452
___umoddi3                          gcc452
___libc_GLocaleCtype                libc063
__alloca                            gcc452
__std_atoi                          libc063
___stdinp                           libc063
___ctordtorInit1                    libc063
___ctordtorTerm1                    libc063
__std_atexit                        libc063
__std_gettimeofday                  libc063
__std_vfprintf                      libc063
__std_fflush                        libc063
__std_vsnprintf                     libc063
__std_malloc                        libc063
__std_strcpy                        libc063
__std_fputc                         libc063
__std_printf                        libc063
__std_fprintf                       libc063
__errno                             libc063
__std_realloc                       libc063
__std_free                          libc063
__std_qsort                         libc063
__std_strspn                        libc063
__std_strcmp                        libc063
__std_fopen                         libc063
__std_fgets                         libc063
_strcasestr                         libc063
__std_rewind                        libc063
__std_atof                          libc063
__std_fclose                        libc063
__std_strdup                        libc063
__std_strchr                        libc063
__std_access                        libc063
__std_mkdir                         libc063
__std_fileno                        libc063
__std_read                          libc063
__std_fwrite                        libc063
__std_write                         libc063
__std_fputs                         libc063
__std_lseek                         libc063
__std_open                          libc063
__std_close                         libc063
__std_flock                         libc063
__std_fread                         libc063
__std_stat                          libc063
___register_frame_table             gcc452
___deregister_frame                 gcc452
__std_getpid                        libc063
__std_memmove                       libc063
__std_fseeko                        libc063
__std_snprintf                      libc063
__std_strerror                      libc063
__std_rename                        libc063
__std_strstr                        libc063
__std_strncpy                       libc063
__std_strcat                        libc063
__std_strrchr                       libc063
__std_unlink                        libc063


                        +--------------------+
                        |   Libraries Used   |
                        +--------------------+

U:\tmp\ldconv_asvtools_a_1e6c4d5306e416c660.lib
U:\tmp\ldconv_gcc452_a_1e6c4d5306e41756e8.lib
U:\usr\lib\libc_alias.lib
U:\usr\local452\lib\libc_dll.lib
U:\usr\lib\libend.lib


                        +-----------------------+
                        |   Linker Statistics   |
                        +-----------------------+

Stack size:  00100000 (1048576.)
Memory size:  00108ff0 (1085424.)
Entry point address: 0001:00000000
Link time: 00:00.30
