 **INTERNAL DEVELOPMENT** Open Watcom Linker Version 1.5beta1 Limited Availability
Portions Copyright (c) 1985-2002 Sybase, Inc. All Rights Reserved.
Created on:       11/02/09 22:28:17
Executable Image: mime.exe
creating an OS/2 EMX executable


                        +------------+
                        |   Groups   |
                        +------------+

Group                           Address              Size
=====                           =======              ====

CGROUP                          0001:00000000        0000acf0
DGROUP                          0002:00000000        00000420



                        +--------------+
                        |   Segments   |
                        +--------------+

Segment                Class          Group          Address         Size
=======                =====          =====          =======         ====

TEXT32                 CODE           CGROUP         0001:00000000   0000acf0
________TEXT           CODE           CGROUP         0001:0000acf0   00000000
DATA32                 DATA           DGROUP         0002:00000000   00000110
SET1__os2dll           DATA           DGROUP         0002:00000110   00000004
SET2__os2dll           DATA           DGROUP         0002:00000114   00000000
SET3__os2dll           DATA           DGROUP         0002:00000114   00000004
SET1___CTOR_LIST__     DATA           DGROUP         0002:00000118   00000004
SET2___CTOR_LIST__     DATA           DGROUP         0002:0000011c   00000000
SET3___CTOR_LIST__     DATA           DGROUP         0002:0000011c   00000004
SET1___DTOR_LIST__     DATA           DGROUP         0002:00000120   00000004
SET2___DTOR_LIST__     DATA           DGROUP         0002:00000124   00000000
SET3___DTOR_LIST__     DATA           DGROUP         0002:00000124   00000004
SET1___crtinit1__      DATA           DGROUP         0002:00000128   00000004
SET2___crtinit1__      DATA           DGROUP         0002:0000012c   00000000
SET3___crtinit1__      DATA           DGROUP         0002:0000012c   00000004
SET1___crtexit1__      DATA           DGROUP         0002:00000130   00000004
SET2___crtexit1__      DATA           DGROUP         0002:00000134   00000000
SET3___crtexit1__      DATA           DGROUP         0002:00000134   00000004
SET1___eh_frame__      DATA           DGROUP         0002:00000138   00000004
SET2___eh_frame__      DATA           DGROUP         0002:0000013c   00000008
SET3___eh_frame__      DATA           DGROUP         0002:00000144   00000004
SET1___eh_init__       DATA           DGROUP         0002:00000148   00000004
SET2___eh_init__       DATA           DGROUP         0002:0000014c   00000004
SET3___eh_init__       DATA           DGROUP         0002:00000150   00000004
SET1___eh_term__       DATA           DGROUP         0002:00000154   00000004
SET2___eh_term__       DATA           DGROUP         0002:00000158   00000004
SET3___eh_term__       DATA           DGROUP         0002:0000015c   00000004
SET1___fork_parent1__  DATA           DGROUP         0002:00000160   00000004
SET2___fork_parent1__  DATA           DGROUP         0002:00000164   00000000
SET3___fork_parent1__  DATA           DGROUP         0002:00000164   00000004
SET1___fork_child1__   DATA           DGROUP         0002:00000168   00000004
SET2___fork_child1__   DATA           DGROUP         0002:0000016c   00000000
SET3___fork_child1__   DATA           DGROUP         0002:0000016c   00000004
________DATA           DATA           DGROUP         0002:00000170   00000000
BSS32                  BSS            DGROUP         0002:00000170   00000290
c_common               BSS            DGROUP         0002:00000400   00000020
________BSS            BSS            DGROUP         0002:00000420   00000000
STACK                  STACK          AUTO           0003:00000000   00100000


                        +----------------+
                        |   Memory Map   |
                        +----------------+

* = unreferenced symbol
+ = symbol only referenced locally

Address        Symbol
=======        ======

Module: U:\usr\lib\crt0wild.obj({standard input})
0001:00000000* __text
0002:00000000* __data
0002:00000000* ___data_start
0002:00000170* ___bss_start
0002:00000110+ __os2dll
0002:00000118  ___CTOR_LIST__
0002:00000120  ___DTOR_LIST__
0002:00000128* ___crtinit1__
0002:00000130* ___crtexit1__
0002:00000138  ___eh_frame__
0002:00000148  ___eh_init__
0002:00000154  ___eh_term__
0002:00000160+ ___fork_parent1__
0002:00000168+ ___fork_child1__
Module: u:/tmp\ldconv_mime_o_216b4d5306f0160ec8.obj(mime.c)
0001:000000c8  _main
0001:000000c8* main
Module: U:\usr\lib\libend.lib(src/libend/386/endlink386.asm)
0002:00000420  _end
0002:00000170  _edata
Module: U:\usr\lib\libend.lib(src/libend/386/end.asm)
0001:0000acf0* _etext
0001:0000acf0* __etext
0000:00000000  WEAK$ZERO
0002:00000420  __end
0002:00000170  __edata
Module: U:\tmp\ldconv_gcc452_a_216b4d5306f0177df8.lib(__main.obj)
0001:00000190* ___do_global_dtors
0001:0000019b* ___do_global_ctors
0001:000001b3  ___main
Module: U:\tmp\ldconv_asvtools_a_216b4d5306f0169780.lib(mimetype.obj)
0002:00000400+ _mime_HTML
0002:00000410+ _mime_PLAIN
0001:000001fc* _mime_unload
0001:0000026c  _mime_name2num
0001:000002f8  _mime_load
0001:00000490  _mime_num2name
0001:000004b8  _mime_ntypes
Module: U:\tmp\ldconv_asvtools_a_216b4d5306f0169780.lib(misc.obj)
0001:000004e0* _cmp_range
0001:000004f0  _clock1
0001:00000524* _sleep1
0001:00000554  _error1
0001:00000584* _error2
0001:000005b0* _error3
0001:000005f4  _warning1
0001:00000618* _warning2
0001:0000064c* _warning3
0001:00000698* _debug_tools
0001:000006d4* _snprintf1
0001:000006fc  _vsnprintf1
0001:00000708* _perm_t2b
0001:000008ac* _perm_b2t
0001:0000094c* _insert_commas
0001:00000ad0* _insert_commas2
0001:00000af0* _insert_commas3
0001:00001044  _insert_commas4
0001:0000106c* _insert_commas5
0001:000015a8* _insert_commas6
0001:000015d0* _chunk_add
0001:0000164c* _is_unix_file_entry
0001:0000168c* _binchars
0001:0000172c* _nontextchars
0001:00001808* _print_binary
0001:00001878* _fprint_bits
0001:00001930* _ranges_intersect
0001:00001ca4* _ranges_merge
0001:00001dc4* _merge_ranges
0001:00001e30* _ipow
0001:00001e74* _valid_dataline
0001:00001eac* _read_datafile
0001:000021fc* _read_column
0001:000022fc* _read_n_columns
0001:0000246c* _read_two_columns
0001:000024e8* _read_one_column
0001:0000258c* _drop_datafile
0001:00002650* _interpolate_l
0002:000001a0* _clock1_call_counter
0002:000001a4* _tools_debug
Module: U:\tmp\ldconv_gcc452_a_216b4d5306f0177df8.lib(emx-ctordtor.obj)
0001:00002810  ___ctordtorInit
0001:00002842  ___ctordtorTerm
Module: U:\tmp\ldconv_asvtools_a_216b4d5306f0169780.lib(filters.obj)
0001:00002acc* _unload_ext_filters
0001:00002b28* _check_ext_filters
0001:00002bf8  _read_list
0001:00002cf8* _load_ext_filters
0001:00002dc8* _prepare_fastlist
0001:000031fc* _check_fastlist
0001:0000377c* _fast_category_check
0001:00004024* _check_list
0001:000040a0* _check_nlist
Module: U:\tmp\ldconv_asvtools_a_216b4d5306f0169780.lib(xfunc.obj)
0001:0000411c  _xcreate
0001:000041a8  _xopen
0001:00004240* _xfopen
0001:000042e8* _xfclose
0001:00004358* _xfwrite
0001:000043cc* _xfread
0001:00004444  _xwrite
0001:00004490* _xwrite_str
0001:000044fc* _xwrite_str_array
0001:00004564  _xread
0001:000045d8  _xmalloc
0001:00004610* _xread_str
0001:00004664* _xread_str_array
0001:000046c8* _xfree
0001:000046fc  _xrealloc
0001:00004784* _xstrdup
0001:000047bc* _xnstrdup
0001:000047fc  _xunlink
0001:00004860* _yunlink
0001:000048b4* _xlseek
0001:00004924* _xmmap
0001:0000493c* _xmunmap
0001:00004944* _chunk_new
0001:000049d4* _chunk_alloc
0001:00004ac8* _chunk_put
0001:00004b24* _chunk_free
0001:00004b64* _membuf_create
0001:00004c8c* _membuf_close
0001:00004d18* _membuf_put
0001:00004e88* _membuf_write
0001:00004f2c* _membuf_printf
0001:00004ff4* _membuf_accumulate
Module: U:\tmp\ldconv_asvtools_a_216b4d5306f0169780.lib(str_base.obj)
0001:000050e0* _str_headcmp
0001:0000513c  _stricmp1
0001:000051c4* _strnicmp1
0001:0000527c  _str_tailcmp
0001:000052e4  _str_tailcmpi
0001:00005340  _str_lastspn
0001:00005394* _str_stristr
0001:00005464* _str_imatch
0001:000054ac* _str_index1
0001:0000550c* _str_copy
0001:0000553c  _str_delete
0001:00005580* _str_insert
0001:000055cc* _str_compress_spaces
0001:0000563c* _str_replace
0001:00005798* _remove_dots
0001:00005808* _remove_whitespace
0001:000058f8* _str_sep1
0001:0000594c* _str_copy_worker
0001:0000597c  _str_reduce
0001:00005a20* _str_cats
0001:00005aac* _str_strdup1
0001:00005aec  _str_strip
0001:00005b3c* _str_strip2
0001:00005be8  _str_numchars
0001:00005c0c* _str_numstr
0001:00005c50  _str_translate
0001:00005c8c* _str_sanify
0001:00005e18  _str_join
0001:00005e74* _str_append
0001:00005f00* _str_mjoin
0001:00005fb4* _str_msjoin
0001:0000608c* _str_sjoin
0001:000060e8* _str_refine_buffer
0001:0000613c* _str_pathdcmp
0001:00006218* _str_lower
0001:00006238* _tolower1
0001:00006248* _sanify_pathname
0001:000063c4* _strtoq1
0001:000066e8  _str_parseline
0001:000067b8* _str_casestr
0001:000067c4* _str_cutoff
0001:0000682c  _str_words
0001:00006c30* _str_split
Module: U:\tmp\ldconv_asvtools_a_216b4d5306f0169780.lib(fsort.obj)
0001:00006dd0* _cmp_str
0001:00006dec* _cmp_strlen
0001:00006e3c* _cmp_integers
0001:00006e4c  _cmp_doubles
0001:00006e84  _cmp_absintegers
0001:00006eb4* _cmp_unsigned_integers
0001:00006f44* _fsort_old
0001:0000739c* _fsort
0001:00007850* _funiq
0001:00007984* _merge
0001:00007ddc* _uniq
0001:00007e64* _uniq2
0001:00008024* _psort
0001:00008194* _pusort
0001:0000831c  _bracket
0001:000084b8* _linebuf_init
0001:00008568* _linebuf_nextline
0001:000086e0* _linebuf_close
0001:00008948* _sortfile
0001:00009690* _heap_siftup
0001:000096f0* _heap_siftdown
0001:000097a8* _accumulate
0001:00009868* _psort1
Module: U:\tmp\ldconv_gcc452_a_216b4d5306f0177df8.lib(emx-eh.obj)
0001:00009940  ___ehInit
0001:00009975* ___ehTerm
Module: U:\tmp\ldconv_asvtools_a_216b4d5306f0169780.lib(fnmatch.obj)
0001:000099b0  _fnmatch1
Module: U:\tmp\ldconv_asvtools_a_216b4d5306f0169780.lib(str_shorten.obj)
0001:00009df0* _str_isvowel
0001:00009e5c  _str_try_shorten
0001:00009f58* _str_fatsafe
0001:00009f88* _str_shorten
Module: U:\tmp\ldconv_asvtools_a_216b4d5306f0169780.lib(file_ops.obj)
0001:0000a1d0* _make_subtree
0001:0000a2b4* _load_stdin
0001:0000a390* _text2lines
0001:0000a42c* _flongprint
0001:0000a510* _longprint
0001:0000a5e0* _print_file
0001:0000a64c  _file_length
0001:0000a6c4* _load_file
0001:0000a778* _load_textfile
0001:0000a7d8* _is_textfile
0001:0000a8ec* _dump_file
0001:0000a94c* _copy_file
0001:0000a9f4* _isindexfile
0001:0000aad4* _openlock
0001:0000ab7c  _copy_bytes
0001:0000acb8* _f_length


                        +----------------------+
                        |   Imported Symbols   |
                        +----------------------+

Symbol                              Module
======                              ======

___libc_ForkRegisterModule          libc063
___init_app                         libc063
__wildcard                          libc063
__CRT_init                          libc063
__atfork_callback                   libc063
__std_exit                          libc063
__std_printf                        libc063
___stderrp                          libc063
___udivdi3                          gcc452
___umoddi3                          gcc452
___libc_GLocaleCtype                libc063
___stdoutp                          libc063
__alloca                            gcc452
___ctordtorInit1                    libc063
___ctordtorTerm1                    libc063
__std_atexit                        libc063
__std_strcmp                        libc063
__std_free                          libc063
__std_bsearch                       libc063
__errno                             libc063
_strcasestr                         libc063
__std_strchr                        libc063
__std_qsort                         libc063
__std_gettimeofday                  libc063
__std_vfprintf                      libc063
__std_fflush                        libc063
__std_vsnprintf                     libc063
__std_malloc                        libc063
__std_strcpy                        libc063
__std_fputc                         libc063
__std_fprintf                       libc063
__std_realloc                       libc063
__std_strspn                        libc063
__std_fopen                         libc063
__std_fgets                         libc063
__std_rewind                        libc063
__std_atof                          libc063
__std_fclose                        libc063
__std_strdup                        libc063
__std_atoi                          libc063
___register_frame_table             gcc452
___deregister_frame                 gcc452
__std_strncmp                       libc063
__std_strlwr                        libc063
__std_open                          libc063
__std_strerror                      libc063
__std_fwrite                        libc063
__std_fread                         libc063
__std_write                         libc063
__std_read                          libc063
__std_unlink                        libc063
__std_lseek                         libc063
__std_strstr                        libc063
__std_strncpy                       libc063
__std_memmove                       libc063
__std_strcat                        libc063
__std_strrchr                       libc063
__std_getpid                        libc063
__std_close                         libc063
__std_fseeko                        libc063
__std_snprintf                      libc063
__std_rename                        libc063
__std_fileno                        libc063
___stdinp                           libc063
__std_access                        libc063
__std_mkdir                         libc063
__std_fputs                         libc063
__std_flock                         libc063
__std_stat                          libc063


                        +--------------------+
                        |   Libraries Used   |
                        +--------------------+

U:\tmp\ldconv_asvtools_a_216b4d5306f0169780.lib
U:\tmp\ldconv_gcc452_a_216b4d5306f0177df8.lib
U:\usr\lib\libc_alias.lib
U:\usr\local452\lib\libc_dll.lib
U:\usr\lib\libend.lib


                        +-----------------------+
                        |   Linker Statistics   |
                        +-----------------------+

Stack size:  00100000 (1048576.)
Memory size:  0010b110 (1093904.)
Entry point address: 0001:00000000
Link time: 00:00.25
