 **INTERNAL DEVELOPMENT** Open Watcom Linker Version 1.5beta1 Limited Availability
Portions Copyright (c) 1985-2002 Sybase, Inc. All Rights Reserved.
Created on:       11/02/09 22:27:58
Executable Image: pathdcmp.exe
creating an OS/2 EMX executable


                        +------------+
                        |   Groups   |
                        +------------+

Group                           Address              Size
=====                           =======              ====

CGROUP                          0001:00000000        00008ca0
DGROUP                          0002:00000000        00000390



                        +--------------+
                        |   Segments   |
                        +--------------+

Segment                Class          Group          Address         Size
=======                =====          =====          =======         ====

TEXT32                 CODE           CGROUP         0001:00000000   00008ca0
________TEXT           CODE           CGROUP         0001:00008ca0   00000000
DATA32                 DATA           DGROUP         0002:00000000   00000110
SET1__os2dll           DATA           DGROUP         0002:00000110   00000004
SET2__os2dll           DATA           DGROUP         0002:00000114   00000000
SET3__os2dll           DATA           DGROUP         0002:00000114   00000004
SET1___CTOR_LIST__     DATA           DGROUP         0002:00000118   00000004
SET2___CTOR_LIST__     DATA           DGROUP         0002:0000011c   00000000
SET3___CTOR_LIST__     DATA           DGROUP         0002:0000011c   00000004
SET1___DTOR_LIST__     DATA           DGROUP         0002:00000120   00000004
SET2___DTOR_LIST__     DATA           DGROUP         0002:00000124   00000000
SET3___DTOR_LIST__     DATA           DGROUP         0002:00000124   00000004
SET1___crtinit1__      DATA           DGROUP         0002:00000128   00000004
SET2___crtinit1__      DATA           DGROUP         0002:0000012c   00000000
SET3___crtinit1__      DATA           DGROUP         0002:0000012c   00000004
SET1___crtexit1__      DATA           DGROUP         0002:00000130   00000004
SET2___crtexit1__      DATA           DGROUP         0002:00000134   00000000
SET3___crtexit1__      DATA           DGROUP         0002:00000134   00000004
SET1___eh_frame__      DATA           DGROUP         0002:00000138   00000004
SET2___eh_frame__      DATA           DGROUP         0002:0000013c   00000008
SET3___eh_frame__      DATA           DGROUP         0002:00000144   00000004
SET1___eh_init__       DATA           DGROUP         0002:00000148   00000004
SET2___eh_init__       DATA           DGROUP         0002:0000014c   00000004
SET3___eh_init__       DATA           DGROUP         0002:00000150   00000004
SET1___eh_term__       DATA           DGROUP         0002:00000154   00000004
SET2___eh_term__       DATA           DGROUP         0002:00000158   00000004
SET3___eh_term__       DATA           DGROUP         0002:0000015c   00000004
SET1___fork_parent1__  DATA           DGROUP         0002:00000160   00000004
SET2___fork_parent1__  DATA           DGROUP         0002:00000164   00000000
SET3___fork_parent1__  DATA           DGROUP         0002:00000164   00000004
SET1___fork_child1__   DATA           DGROUP         0002:00000168   00000004
SET2___fork_child1__   DATA           DGROUP         0002:0000016c   00000000
SET3___fork_child1__   DATA           DGROUP         0002:0000016c   00000004
________DATA           DATA           DGROUP         0002:00000170   00000000
BSS32                  BSS            DGROUP         0002:00000170   00000220
c_common               BSS            DGROUP         0002:00000390   00000000
________BSS            BSS            DGROUP         0002:00000390   00000000
STACK                  STACK          AUTO           0003:00000000   00100000


                        +----------------+
                        |   Memory Map   |
                        +----------------+

* = unreferenced symbol
+ = symbol only referenced locally

Address        Symbol
=======        ======

Module: U:\usr\lib\crt0wild.obj({standard input})
0001:00000000* __text
0002:00000000* __data
0002:00000000* ___data_start
0002:00000170* ___bss_start
0002:00000110+ __os2dll
0002:00000118  ___CTOR_LIST__
0002:00000120  ___DTOR_LIST__
0002:00000128* ___crtinit1__
0002:00000130* ___crtexit1__
0002:00000138  ___eh_frame__
0002:00000148  ___eh_init__
0002:00000154  ___eh_term__
0002:00000160+ ___fork_parent1__
0002:00000168+ ___fork_child1__
Module: u:/tmp\ldconv_pathdcmp_o_1ccf4d5306de12a7b0.obj(pathdcmp.c)
0001:00000074  _main
0001:00000074* main
Module: U:\usr\lib\libend.lib(src/libend/386/endlink386.asm)
0002:00000390  _end
0002:00000170  _edata
Module: U:\usr\lib\libend.lib(src/libend/386/end.asm)
0001:00008ca0* _etext
0001:00008ca0* __etext
0000:00000000  WEAK$ZERO
0002:00000390  __end
0002:00000170  __edata
Module: U:\tmp\ldconv_gcc452_a_1ccf4d5306de13c4d8.lib(__main.obj)
0001:000000f0* ___do_global_dtors
0001:000000fb* ___do_global_ctors
0001:00000113  ___main
Module: U:\tmp\ldconv_asvtools_a_1ccf4d5306de133838.lib(str_base.obj)
0001:00000140* _str_headcmp
0001:0000019c  _stricmp1
0001:00000224* _strnicmp1
0001:000002dc  _str_tailcmp
0001:00000344  _str_tailcmpi
0001:000003a0  _str_lastspn
0001:000003f4* _str_stristr
0001:000004c4* _str_imatch
0001:0000050c* _str_index1
0001:0000056c* _str_copy
0001:0000059c  _str_delete
0001:000005e0* _str_insert
0001:0000062c* _str_compress_spaces
0001:0000069c* _str_replace
0001:000007f8* _remove_dots
0001:00000868* _remove_whitespace
0001:00000958* _str_sep1
0001:000009ac* _str_copy_worker
0001:000009dc  _str_reduce
0001:00000a80* _str_cats
0001:00000b0c* _str_strdup1
0001:00000b4c  _str_strip
0001:00000b9c* _str_strip2
0001:00000c48  _str_numchars
0001:00000c6c* _str_numstr
0001:00000cb0  _str_translate
0001:00000cec* _str_sanify
0001:00000e78* _str_join
0001:00000ed4* _str_append
0001:00000f60* _str_mjoin
0001:00001014* _str_msjoin
0001:000010ec* _str_sjoin
0001:00001148* _str_refine_buffer
0001:0000119c  _str_pathdcmp
0001:00001278* _str_lower
0001:00001298* _tolower1
0001:000012a8* _sanify_pathname
0001:00001424* _strtoq1
0001:00001748  _str_parseline
0001:00001818* _str_casestr
0001:00001824* _str_cutoff
0001:0000188c  _str_words
0001:00001c90* _str_split
Module: U:\tmp\ldconv_gcc452_a_1ccf4d5306de13c4d8.lib(emx-ctordtor.obj)
0001:00001e10  ___ctordtorInit
0001:00001e42  ___ctordtorTerm
Module: U:\tmp\ldconv_asvtools_a_1ccf4d5306de133838.lib(str_shorten.obj)
0001:00001e90* _str_isvowel
0001:00001efc  _str_try_shorten
0001:00001ff8* _str_fatsafe
0001:00002028* _str_shorten
Module: U:\tmp\ldconv_asvtools_a_1ccf4d5306de133838.lib(xfunc.obj)
0001:0000228c  _xcreate
0001:00002318  _xopen
0001:000023b0* _xfopen
0001:00002458* _xfclose
0001:000024c8* _xfwrite
0001:0000253c* _xfread
0001:000025b4  _xwrite
0001:00002600* _xwrite_str
0001:0000266c* _xwrite_str_array
0001:000026d4  _xread
0001:00002748  _xmalloc
0001:00002780* _xread_str
0001:000027d4* _xread_str_array
0001:00002838* _xfree
0001:0000286c  _xrealloc
0001:000028f4* _xstrdup
0001:0000292c* _xnstrdup
0001:0000296c  _xunlink
0001:000029d0* _yunlink
0001:00002a24* _xlseek
0001:00002a94* _xmmap
0001:00002aac* _xmunmap
0001:00002ab4* _chunk_new
0001:00002b44* _chunk_alloc
0001:00002c38* _chunk_put
0001:00002c94* _chunk_free
0001:00002cd4* _membuf_create
0001:00002dfc* _membuf_close
0001:00002e88* _membuf_put
0001:00002ff8* _membuf_write
0001:0000309c* _membuf_printf
0001:00003164* _membuf_accumulate
Module: U:\tmp\ldconv_gcc452_a_1ccf4d5306de13c4d8.lib(emx-eh.obj)
0001:00003250  ___ehInit
0001:00003285* ___ehTerm
Module: U:\tmp\ldconv_asvtools_a_1ccf4d5306de133838.lib(misc.obj)
0001:000032c0* _cmp_range
0001:000032d0  _clock1
0001:00003304* _sleep1
0001:00003334  _error1
0001:00003364* _error2
0001:00003390* _error3
0001:000033d4  _warning1
0001:000033f8* _warning2
0001:0000342c* _warning3
0001:00003478* _debug_tools
0001:000034b4* _snprintf1
0001:000034dc  _vsnprintf1
0001:000034e8* _perm_t2b
0001:0000368c* _perm_b2t
0001:0000372c* _insert_commas
0001:000038b0* _insert_commas2
0001:000038d0* _insert_commas3
0001:00003e24  _insert_commas4
0001:00003e4c* _insert_commas5
0001:00004388* _insert_commas6
0001:000043b0* _chunk_add
0001:0000442c* _is_unix_file_entry
0001:0000446c* _binchars
0001:0000450c* _nontextchars
0001:000045e8* _print_binary
0001:00004658* _fprint_bits
0001:00004710* _ranges_intersect
0001:00004a84* _ranges_merge
0001:00004ba4* _merge_ranges
0001:00004c10* _ipow
0001:00004c54* _valid_dataline
0001:00004c8c* _read_datafile
0001:00004fdc* _read_column
0001:000050dc* _read_n_columns
0001:0000524c* _read_two_columns
0001:000052c8* _read_one_column
0001:0000536c* _drop_datafile
0001:00005430* _interpolate_l
0002:00000220* _clock1_call_counter
0002:00000224* _tools_debug
Module: U:\tmp\ldconv_asvtools_a_1ccf4d5306de133838.lib(fsort.obj)
0001:00005610* _cmp_str
0001:0000562c* _cmp_strlen
0001:0000567c* _cmp_integers
0001:0000568c  _cmp_doubles
0001:000056c4* _cmp_absintegers
0001:000056f4* _cmp_unsigned_integers
0001:00005784* _fsort_old
0001:00005bdc* _fsort
0001:00006090* _funiq
0001:000061c4* _merge
0001:0000661c* _uniq
0001:000066a4* _uniq2
0001:00006864* _psort
0001:000069d4* _pusort
0001:00006b5c  _bracket
0001:00006cf8* _linebuf_init
0001:00006da8* _linebuf_nextline
0001:00006f20* _linebuf_close
0001:00007188* _sortfile
0001:00007ed0* _heap_siftup
0001:00007f30* _heap_siftdown
0001:00007fe8* _accumulate
0001:000080a8* _psort1
Module: U:\tmp\ldconv_asvtools_a_1ccf4d5306de133838.lib(file_ops.obj)
0001:00008180* _make_subtree
0001:00008264* _load_stdin
0001:00008340* _text2lines
0001:000083dc* _flongprint
0001:000084c0* _longprint
0001:00008590* _print_file
0001:000085fc  _file_length
0001:00008674* _load_file
0001:00008728* _load_textfile
0001:00008788* _is_textfile
0001:0000889c* _dump_file
0001:000088fc* _copy_file
0001:000089a4* _isindexfile
0001:00008a84* _openlock
0001:00008b2c  _copy_bytes
0001:00008c68* _f_length


                        +----------------------+
                        |   Imported Symbols   |
                        +----------------------+

Symbol                              Module
======                              ======

___libc_ForkRegisterModule          libc063
___init_app                         libc063
__wildcard                          libc063
__CRT_init                          libc063
__atfork_callback                   libc063
__std_exit                          libc063
___libc_GLocaleCtype                libc063
__alloca                            gcc452
___umoddi3                          gcc452
___udivdi3                          gcc452
_strcasestr                         libc063
__std_printf                        libc063
___ctordtorInit1                    libc063
___ctordtorTerm1                    libc063
__std_atexit                        libc063
__std_strcmp                        libc063
__std_strchr                        libc063
__std_malloc                        libc063
__std_strcpy                        libc063
__std_strstr                        libc063
__std_free                          libc063
__std_strncpy                       libc063
__std_memmove                       libc063
__std_strcat                        libc063
__std_strdup                        libc063
__std_strrchr                       libc063
__std_realloc                       libc063
__errno                             libc063
___register_frame_table             gcc452
___deregister_frame                 gcc452
___stderrp                          libc063
___stdoutp                          libc063
__std_open                          libc063
__std_fopen                         libc063
__std_strerror                      libc063
__std_fclose                        libc063
__std_fwrite                        libc063
__std_fread                         libc063
__std_write                         libc063
__std_read                          libc063
__std_unlink                        libc063
__std_lseek                         libc063
__std_vsnprintf                     libc063
__std_gettimeofday                  libc063
__std_vfprintf                      libc063
__std_fflush                        libc063
__std_fputc                         libc063
__std_fprintf                       libc063
__std_qsort                         libc063
__std_strspn                        libc063
__std_fgets                         libc063
__std_rewind                        libc063
__std_atof                          libc063
__std_atoi                          libc063
__std_getpid                        libc063
__std_close                         libc063
__std_fseeko                        libc063
__std_snprintf                      libc063
__std_rename                        libc063
__std_fileno                        libc063
___stdinp                           libc063
__std_access                        libc063
__std_mkdir                         libc063
__std_fputs                         libc063
__std_flock                         libc063
__std_stat                          libc063


                        +--------------------+
                        |   Libraries Used   |
                        +--------------------+

U:\tmp\ldconv_asvtools_a_1ccf4d5306de133838.lib
U:\tmp\ldconv_gcc452_a_1ccf4d5306de13c4d8.lib
U:\usr\lib\libc_alias.lib
U:\usr\local452\lib\libc_dll.lib
U:\usr\lib\libend.lib


                        +-----------------------+
                        |   Linker Statistics   |
                        +-----------------------+

Stack size:  00100000 (1048576.)
Memory size:  00109030 (1085488.)
Entry point address: 0001:00000000
Link time: 00:00.12
