 **INTERNAL DEVELOPMENT** Open Watcom Linker Version 1.5beta1 Limited Availability
Portions Copyright (c) 1985-2002 Sybase, Inc. All Rights Reserved.
Created on:       11/02/09 22:28:13
Executable Image: str_replace.exe
creating an OS/2 EMX executable


                        +------------+
                        |   Groups   |
                        +------------+

Group                           Address              Size
=====                           =======              ====

CGROUP                          0001:00000000        00008f90
DGROUP                          0002:00000000        00000390



                        +--------------+
                        |   Segments   |
                        +--------------+

Segment                Class          Group          Address         Size
=======                =====          =====          =======         ====

TEXT32                 CODE           CGROUP         0001:00000000   00008f90
________TEXT           CODE           CGROUP         0001:00008f90   00000000
DATA32                 DATA           DGROUP         0002:00000000   00000110
SET1__os2dll           DATA           DGROUP         0002:00000110   00000004
SET2__os2dll           DATA           DGROUP         0002:00000114   00000000
SET3__os2dll           DATA           DGROUP         0002:00000114   00000004
SET1___CTOR_LIST__     DATA           DGROUP         0002:00000118   00000004
SET2___CTOR_LIST__     DATA           DGROUP         0002:0000011c   00000000
SET3___CTOR_LIST__     DATA           DGROUP         0002:0000011c   00000004
SET1___DTOR_LIST__     DATA           DGROUP         0002:00000120   00000004
SET2___DTOR_LIST__     DATA           DGROUP         0002:00000124   00000000
SET3___DTOR_LIST__     DATA           DGROUP         0002:00000124   00000004
SET1___crtinit1__      DATA           DGROUP         0002:00000128   00000004
SET2___crtinit1__      DATA           DGROUP         0002:0000012c   00000000
SET3___crtinit1__      DATA           DGROUP         0002:0000012c   00000004
SET1___crtexit1__      DATA           DGROUP         0002:00000130   00000004
SET2___crtexit1__      DATA           DGROUP         0002:00000134   00000000
SET3___crtexit1__      DATA           DGROUP         0002:00000134   00000004
SET1___eh_frame__      DATA           DGROUP         0002:00000138   00000004
SET2___eh_frame__      DATA           DGROUP         0002:0000013c   00000008
SET3___eh_frame__      DATA           DGROUP         0002:00000144   00000004
SET1___eh_init__       DATA           DGROUP         0002:00000148   00000004
SET2___eh_init__       DATA           DGROUP         0002:0000014c   00000004
SET3___eh_init__       DATA           DGROUP         0002:00000150   00000004
SET1___eh_term__       DATA           DGROUP         0002:00000154   00000004
SET2___eh_term__       DATA           DGROUP         0002:00000158   00000004
SET3___eh_term__       DATA           DGROUP         0002:0000015c   00000004
SET1___fork_parent1__  DATA           DGROUP         0002:00000160   00000004
SET2___fork_parent1__  DATA           DGROUP         0002:00000164   00000000
SET3___fork_parent1__  DATA           DGROUP         0002:00000164   00000004
SET1___fork_child1__   DATA           DGROUP         0002:00000168   00000004
SET2___fork_child1__   DATA           DGROUP         0002:0000016c   00000000
SET3___fork_child1__   DATA           DGROUP         0002:0000016c   00000004
________DATA           DATA           DGROUP         0002:00000170   00000000
BSS32                  BSS            DGROUP         0002:00000170   00000220
c_common               BSS            DGROUP         0002:00000390   00000000
________BSS            BSS            DGROUP         0002:00000390   00000000
STACK                  STACK          AUTO           0003:00000000   00100000


                        +----------------+
                        |   Memory Map   |
                        +----------------+

* = unreferenced symbol
+ = symbol only referenced locally

Address        Symbol
=======        ======

Module: U:\usr\lib\crt0wild.obj({standard input})
0001:00000000* __text
0002:00000000* __data
0002:00000000* ___data_start
0002:00000170* ___bss_start
0002:00000110+ __os2dll
0002:00000118  ___CTOR_LIST__
0002:00000120  ___DTOR_LIST__
0002:00000128* ___crtinit1__
0002:00000130* ___crtexit1__
0002:00000138  ___eh_frame__
0002:00000148  ___eh_init__
0002:00000154  ___eh_term__
0002:00000160+ ___fork_parent1__
0002:00000168+ ___fork_child1__
Module: u:/tmp\ldconv_str_replace_o_207f4d5306ec1d3ea0.obj(str_replace.c)
0001:000000e0  _main
0001:000000e0* main
Module: U:\usr\lib\libend.lib(src/libend/386/endlink386.asm)
0002:00000390  _end
0002:00000170  _edata
Module: U:\usr\lib\libend.lib(src/libend/386/end.asm)
0001:00008f90* _etext
0001:00008f90* __etext
0000:00000000  WEAK$ZERO
0002:00000390  __end
0002:00000170  __edata
Module: U:\tmp\ldconv_gcc452_a_207f4d5306ec1e4840.lib(__main.obj)
0001:000003e0* ___do_global_dtors
0001:000003eb* ___do_global_ctors
0001:00000403  ___main
Module: U:\tmp\ldconv_asvtools_a_207f4d5306ec1da818.lib(misc.obj)
0001:00000430* _cmp_range
0001:00000440  _clock1
0001:00000474* _sleep1
0001:000004a4  _error1
0001:000004d4* _error2
0001:00000500* _error3
0001:00000544  _warning1
0001:00000568* _warning2
0001:0000059c* _warning3
0001:000005e8* _debug_tools
0001:00000624* _snprintf1
0001:0000064c  _vsnprintf1
0001:00000658* _perm_t2b
0001:000007fc* _perm_b2t
0001:0000089c* _insert_commas
0001:00000a20* _insert_commas2
0001:00000a40* _insert_commas3
0001:00000f94  _insert_commas4
0001:00000fbc* _insert_commas5
0001:000014f8* _insert_commas6
0001:00001520* _chunk_add
0001:0000159c* _is_unix_file_entry
0001:000015dc* _binchars
0001:0000167c* _nontextchars
0001:00001758* _print_binary
0001:000017c8* _fprint_bits
0001:00001880* _ranges_intersect
0001:00001bf4* _ranges_merge
0001:00001d14* _merge_ranges
0001:00001d80* _ipow
0001:00001dc4* _valid_dataline
0001:00001dfc* _read_datafile
0001:0000214c* _read_column
0001:0000224c* _read_n_columns
0001:000023bc* _read_two_columns
0001:00002438* _read_one_column
0001:000024dc* _drop_datafile
0001:000025a0* _interpolate_l
0002:00000180* _clock1_call_counter
0002:00000184* _tools_debug
Module: U:\tmp\ldconv_asvtools_a_207f4d5306ec1da818.lib(file_ops.obj)
0001:00002760* _make_subtree
0001:00002844  _load_stdin
0001:00002920* _text2lines
0001:000029bc* _flongprint
0001:00002aa0* _longprint
0001:00002b70* _print_file
0001:00002bdc  _file_length
0001:00002c54* _load_file
0001:00002d08* _load_textfile
0001:00002d68* _is_textfile
0001:00002e7c* _dump_file
0001:00002edc* _copy_file
0001:00002f84* _isindexfile
0001:00003064* _openlock
0001:0000310c  _copy_bytes
0001:00003248* _f_length
Module: U:\tmp\ldconv_asvtools_a_207f4d5306ec1da818.lib(xfunc.obj)
0001:0000329c  _xcreate
0001:00003328  _xopen
0001:000033c0* _xfopen
0001:00003468* _xfclose
0001:000034d8* _xfwrite
0001:0000354c* _xfread
0001:000035c4  _xwrite
0001:00003610* _xwrite_str
0001:0000367c* _xwrite_str_array
0001:000036e4  _xread
0001:00003758  _xmalloc
0001:00003790* _xread_str
0001:000037e4* _xread_str_array
0001:00003848* _xfree
0001:0000387c  _xrealloc
0001:00003904* _xstrdup
0001:0000393c* _xnstrdup
0001:0000397c  _xunlink
0001:000039e0* _yunlink
0001:00003a34* _xlseek
0001:00003aa4* _xmmap
0001:00003abc* _xmunmap
0001:00003ac4* _chunk_new
0001:00003b54* _chunk_alloc
0001:00003c48* _chunk_put
0001:00003ca4* _chunk_free
0001:00003ce4* _membuf_create
0001:00003e0c* _membuf_close
0001:00003e98* _membuf_put
0001:00004008* _membuf_write
0001:000040ac* _membuf_printf
0001:00004174* _membuf_accumulate
Module: U:\tmp\ldconv_asvtools_a_207f4d5306ec1da818.lib(str_base.obj)
0001:00004260* _str_headcmp
0001:000042bc  _stricmp1
0001:00004344* _strnicmp1
0001:000043fc  _str_tailcmp
0001:00004464  _str_tailcmpi
0001:000044c0  _str_lastspn
0001:00004514* _str_stristr
0001:000045e4* _str_imatch
0001:0000462c* _str_index1
0001:0000468c* _str_copy
0001:000046bc  _str_delete
0001:00004700* _str_insert
0001:0000474c* _str_compress_spaces
0001:000047bc  _str_replace
0001:00004918  _remove_dots
0001:00004988* _remove_whitespace
0001:00004a78* _str_sep1
0001:00004acc* _str_copy_worker
0001:00004afc  _str_reduce
0001:00004ba0* _str_cats
0001:00004c2c* _str_strdup1
0001:00004c6c  _str_strip
0001:00004cbc* _str_strip2
0001:00004d68  _str_numchars
0001:00004d8c* _str_numstr
0001:00004dd0  _str_translate
0001:00004e0c* _str_sanify
0001:00004f98* _str_join
0001:00004ff4* _str_append
0001:00005080* _str_mjoin
0001:00005134* _str_msjoin
0001:0000520c* _str_sjoin
0001:00005268* _str_refine_buffer
0001:000052bc* _str_pathdcmp
0001:00005398* _str_lower
0001:000053b8* _tolower1
0001:000053c8* _sanify_pathname
0001:00005544* _strtoq1
0001:00005868  _str_parseline
0001:00005938* _str_casestr
0001:00005944* _str_cutoff
0001:000059ac  _str_words
0001:00005db0* _str_split
Module: U:\tmp\ldconv_gcc452_a_207f4d5306ec1e4840.lib(emx-ctordtor.obj)
0001:00005f30  ___ctordtorInit
0001:00005f62  ___ctordtorTerm
Module: U:\tmp\ldconv_asvtools_a_207f4d5306ec1da818.lib(fsort.obj)
0001:00005fc0* _cmp_str
0001:00005fdc* _cmp_strlen
0001:0000602c* _cmp_integers
0001:0000603c  _cmp_doubles
0001:00006074* _cmp_absintegers
0001:000060a4* _cmp_unsigned_integers
0001:00006134* _fsort_old
0001:0000658c* _fsort
0001:00006a40* _funiq
0001:00006b74* _merge
0001:00006fcc* _uniq
0001:00007054* _uniq2
0001:00007214* _psort
0001:00007384* _pusort
0001:0000750c  _bracket
0001:000076a8* _linebuf_init
0001:00007758* _linebuf_nextline
0001:000078d0* _linebuf_close
0001:00007b38* _sortfile
0001:00008880* _heap_siftup
0001:000088e0* _heap_siftdown
0001:00008998* _accumulate
0001:00008a58* _psort1
Module: U:\tmp\ldconv_asvtools_a_207f4d5306ec1da818.lib(str_shorten.obj)
0001:00008b40* _str_isvowel
0001:00008bac  _str_try_shorten
0001:00008ca8* _str_fatsafe
0001:00008cd8* _str_shorten
Module: U:\tmp\ldconv_gcc452_a_207f4d5306ec1e4840.lib(emx-eh.obj)
0001:00008f20  ___ehInit
0001:00008f55* ___ehTerm


                        +----------------------+
                        |   Imported Symbols   |
                        +----------------------+

Symbol                              Module
======                              ======

___libc_ForkRegisterModule          libc063
___init_app                         libc063
__wildcard                          libc063
__CRT_init                          libc063
__atfork_callback                   libc063
__std_exit                          libc063
___stderrp                          libc063
___udivdi3                          gcc452
___umoddi3                          gcc452
___libc_GLocaleCtype                libc063
___stdoutp                          libc063
__alloca                            gcc452
___stdinp                           libc063
__errno                             libc063
_strcasestr                         libc063
__std_printf                        libc063
__std_strdup                        libc063
__std_atoi                          libc063
___ctordtorInit1                    libc063
___ctordtorTerm1                    libc063
__std_atexit                        libc063
__std_gettimeofday                  libc063
__std_vfprintf                      libc063
__std_fflush                        libc063
__std_vsnprintf                     libc063
__std_malloc                        libc063
__std_strcpy                        libc063
__std_fputc                         libc063
__std_fprintf                       libc063
__std_realloc                       libc063
__std_free                          libc063
__std_qsort                         libc063
__std_strspn                        libc063
__std_strcmp                        libc063
__std_fopen                         libc063
__std_fgets                         libc063
__std_rewind                        libc063
__std_atof                          libc063
__std_fclose                        libc063
__std_strchr                        libc063
__std_access                        libc063
__std_mkdir                         libc063
__std_fileno                        libc063
__std_read                          libc063
__std_fwrite                        libc063
__std_write                         libc063
__std_fputs                         libc063
__std_lseek                         libc063
__std_open                          libc063
__std_close                         libc063
__std_flock                         libc063
__std_fread                         libc063
__std_stat                          libc063
__std_strerror                      libc063
__std_unlink                        libc063
__std_strstr                        libc063
__std_strncpy                       libc063
__std_memmove                       libc063
__std_strcat                        libc063
__std_strrchr                       libc063
___register_frame_table             gcc452
___deregister_frame                 gcc452
__std_getpid                        libc063
__std_fseeko                        libc063
__std_snprintf                      libc063
__std_rename                        libc063


                        +--------------------+
                        |   Libraries Used   |
                        +--------------------+

U:\tmp\ldconv_asvtools_a_207f4d5306ec1da818.lib
U:\tmp\ldconv_gcc452_a_207f4d5306ec1e4840.lib
U:\usr\lib\libc_alias.lib
U:\usr\local452\lib\libc_dll.lib
U:\usr\lib\libend.lib


                        +-----------------------+
                        |   Linker Statistics   |
                        +-----------------------+

Stack size:  00100000 (1048576.)
Memory size:  00109320 (1086240.)
Entry point address: 0001:00000000
Link time: 00:00.29
